[bootstrap] Initializing embedded PostgreSQL data directory...
[embedded-postgres] The files belonging to this database system will be owned by user "ricar".
This user must also own the server process.


[embedded-postgres] The database cluster will be initialized with this locale configuration:

[embedded-postgres]   locale provider:   libc
  LC_COLLATE:  Spanish_Argentina.1252
  LC_CTYPE:    Spanish_Argentina.1252
  LC_MESSAGES: C
  LC_MONETARY: Spanish_Argentina.1252
  LC_NUMERIC:  Spanish_Argentina.1252
  LC_TIME:     Spanish_Argentina.1252
The default database encoding has accordingly been set to "WIN1252".
The default text search configuration will be set to "spanish".

Data page checksums are enabled.

[embedded-postgres] 
creating directory E:/Proyectos/portfolio-builds/urban-proyecta/backend/.pgdata-demo ... 
[embedded-postgres] ok

[embedded-postgres] creating subdirectories ... 
[embedded-postgres] ok

[embedded-postgres] selecting dynamic shared memory implementation ... windows
selecting default "max_connections" ... 
[embedded-postgres] 100
selecting default "shared_buffers" ... 
[embedded-postgres] 128MB
selecting default time zone ... 
[embedded-postgres] America/Buenos_Aires
creating configuration files ... 
[embedded-postgres] ok
running bootstrap script ... 
[embedded-postgres] ok

[embedded-postgres] performing post-bootstrap initialization ... 
[embedded-postgres] ok
syncing data to disk ... 
[embedded-postgres] ok

[embedded-postgres] 
Success. You can now start the database server using:

    ^"E^:^\Proyectos^\portfolio^-builds^\urban^-proyecta^\backend^\node^_modules^\^@embedded^-postgres^\windows^-x64^\native^\bin^\pg^_ctl^" -D ^"E^:^\Proyectos^\portfolio^-builds^\urban^-proyecta^\backend^\^.pgdata^-demo^" -l logfile start


[bootstrap] Starting embedded PostgreSQL...
[embedded-postgres] 2026-08-09 09:23:58.261 -03 [23424] LOG:  starting PostgreSQL 18.4 on x86_64-windows, compiled by msvc-19.44.35226, 64-bit

[embedded-postgres] 2026-08-09 09:23:58.268 -03 [23424] LOG:  listening on IPv6 address "::1", port 15433

[embedded-postgres] 2026-08-09 09:23:58.269 -03 [23424] LOG:  listening on IPv4 address "127.0.0.1", port 15433

[embedded-postgres] 2026-08-09 09:23:58.347 -03 [30456] LOG:  database system was shut down at 2026-08-09 09:23:56 -03

[embedded-postgres] 2026-08-09 09:23:58.361 -03 [23424] LOG:  database system is ready to accept connections

[bootstrap] Creating database "urban_proyecta"...
[bootstrap] Applying Prisma schema (db push)...
Environment variables loaded from .env
Prisma schema loaded from prisma\schema.prisma
Datasource "db": PostgreSQL database "urban_proyecta", schema "public" at "localhost:15433"

Your database is now in sync with your Prisma schema. Done in 205ms

[bootstrap] Seeding demo data...
🌱 Starting Seeder...
Limpiando base de datos...
Creando canciones...
Creando pasajes bíblicos...
Creando decks...
Creando servicio de prueba...
Agregando items al servicio...
✅ Seeding completado con éxito!
[bootstrap] Starting application server...
Urban Proyecta Backend running on port 3001
[embedded-postgres] 2026-08-09 09:24:00.387 -03 [29180] LOG:  could not receive data from client: unrecognized winsock error 10054
2026-08-09 09:24:00.601 -03 [30316] LOG:  could not receive data from client: unrecognized winsock error 10054

Socket connected: nlcznnTL2Bh87W49AAAB
Socket nlcznnTL2Bh87W49AAAB joined room: default as display
