
> urban-proyecta-backend@1.0.0 dev
> tsx watch src/bootstrap.ts

[bootstrap] Initializing embedded PostgreSQL data directory...
[embedded-postgres] The files belonging to this database system will be owned by user "ricar".
This user must also own the server process.


[embedded-postgres] The database cluster will be initialized with this locale configuration:
  locale provider:   libc
  LC_COLLATE:  Spanish_Argentina.1252
  LC_CTYPE:    Spanish_Argentina.1252
  LC_MESSAGES: C
  LC_MONETARY: Spanish_Argentina.1252
  LC_NUMERIC:  Spanish_Argentina.1252
  LC_TIME:     Spanish_Argentina.1252

[embedded-postgres] The default database encoding has accordingly been set to "WIN1252".
The default text search configuration will be set to "spanish".

Data page checksums are enabled.

creating directory E:/Proyectos/portfolio-builds/urban-proyecta/backend/.pgdata-demo ... 
[embedded-postgres] ok

[embedded-postgres] creating subdirectories ... 
[embedded-postgres] ok

[embedded-postgres] selecting dynamic shared memory implementation ... windows
selecting default "max_connections" ... 
[embedded-postgres] 20

[embedded-postgres] selecting default "shared_buffers" ... 
